// Canonical Sutra declaration for the Axon class.
//
// Spec: planning/sutra-spec/axons.md.
//
// An axon is a bundle of named variables passed as a single value —
// closer to a Haskell-monad-shaped structuring construct than a
// runtime hash map (no runtime input → output lookup, no iteration,
// no schema). The user-facing API resembles a dict in syntax only.
//
// At the substrate level the operations route to:
//   axon_new()        → a zero vector at runtime dim
//   axon_add(a, k, v) → a + bind(basis_vector(k), v)
//   axon_item(a, k)   → unbind(basis_vector(k), a)
//
// String keys are compile-time identifiers; the runtime auto-embeds
// them into basis vectors at the call boundary.
//
// Surface forms wired today:
//   - `Axon a;`             → `a = _VSA.axon_new()`
//   - `a.add(k, v);`        → `a = _VSA.axon_add(a, k, v)`
//                              (statement form: augmented assignment;
//                              the instance method is "void-returning"
//                              from the user's POV — the compiler
//                              rebinds `a` to the returned new axon)
//   - `a.item(k)` (expr)    → `_VSA.axon_item(a, k)`
//   - `Axon.axon_add(a, ...)` → `_VSA.axon_add(a, ...)` also works
//                              (static-class-method form, in case
//                              you want to be explicit)
//
// The augmented-assignment rule for void-returning instance methods
// is conceptually general (every class should work this way), but
// the wiring in codegen_base.py is currently axon-specific. Other
// classes still error if you try `obj.method(args)` on a
// non-class-namespace receiver. Generalizing the rule is a separate
// piece of work.
//
// What is deferred:
//   - Per-entry class tags (deemed an IDE-level concern; the user's
//     idiom is to declare the retrieval type explicitly:
//     `Cat c = a.item("cat");`).
//   - Lazy evaluation across function/program boundaries — the spec
//     says only receiver-referenced keys materialize at the
//     boundary; today the full bundle crosses. Within a single
//     function, the SSA-elision pass DOES drop adds whose keys are
//     never read (and the axon doesn't escape). Cross-function
//     analysis is the unimplemented piece.


class Axon extends vector {
    static intrinsic method Axon axon_new();
    static intrinsic method Axon axon_add(Axon a, string key, vector value);
    static intrinsic method vector axon_item(Axon a, string key);
}
