// Sutra's leaf VSA primitives — the bottom of the function-expansion
// chain.
//
// Higher-level operations like `bind`, `unbind`, `bundle`, and
// `similarity` are NOT magical substrate calls. They beta-reduce to
// the operations declared in this file:
//
//     bind(role, filler)    -> MatrixMul(RotationFor(role), filler)
//     unbind(role, record)  -> MatrixMul(Transpose(RotationFor(role)), record)
//     bundle(a, b, c, ...)  -> Normalize(a + b + c + ...)
//     similarity(a, b)      -> Dot(a, b) / (Norm(a) * Norm(b))
//
// The point of this file is **transparency**. When a programmer asks
// "what does `bind` actually do at the lowest level?" — the answer
// is `MatrixMul(RotationFor(role), filler)` and they can verify that
// by reading the source here. Same for `bundle` (vector add +
// normalize), `similarity` (dot / norm), and so on.
//
// These ARE the VSA primitives. Every other operation in the
// language reduces to a chain of calls to these. The bind /
// unbind / bundle / similarity operations are convenience names
// for common compositions; the actual computational substrate is
// matmul + tensor product + outer + dot + transpose.
//
// Both PascalCase and snake_case names are exposed:
//
//     vector x = Tensor.MatrixMul(M, v);   // preferred
//     vector x = Tensor.matmul(M, v);      // also works
//
// And the bare-name aliases via the stdlib_loader's dual
// registration:
//
//     vector x = MatrixMul(M, v);          // bare-name shortcut

class Tensor extends vector {
    // Matrix multiplication. Works on 1-D, 2-D, or higher-rank
    // arguments per numpy/torch matmul semantics:
    //   (n,)   @ (n,)   -> scalar (dot)
    //   (m, k) @ (k, n) -> (m, n)
    //   (m, k) @ (k,)   -> (m,)   — vector treated as column
    //   (k,)   @ (k, n) -> (n,)   — vector treated as row
    static intrinsic method vector MatrixMul(vector a, vector b);
    static intrinsic method vector matmul(vector a, vector b);

    // Kronecker / tensor product. For two vectors of length n and m,
    // produces a vector of length n*m: every pairwise product. For
    // higher-rank inputs, produces the standard Kronecker block
    // matrix.
    static intrinsic method vector TensorProduct(vector a, vector b);
    static intrinsic method vector tensor_product(vector a, vector b);

    // Outer product. For two 1-D vectors a (length n) and b (length
    // m), produces a 2-D matrix `M` where `M[i, j] = a[i] * b[j]`.
    static intrinsic method vector Outer(vector a, vector b);
    static intrinsic method vector outer(vector a, vector b);

    // Inner / dot product. Scalar result.
    static intrinsic method number Dot(vector a, vector b);
    static intrinsic method number dot(vector a, vector b);

    // Transpose. For 2-D input, swaps the two axes; for 1-D, returns
    // the input unchanged (numpy convention — there's no "row" vs
    // "column" distinction at rank-1).
    static intrinsic method vector Transpose(vector m);
    static intrinsic method vector transpose(vector m);

    // L2 norm of a vector. Scalar result.
    static intrinsic method number Norm(vector v);
    static intrinsic method number norm(vector v);

    // L2 normalization. Returns v / Norm(v) with an eps-guard to
    // make the zero-norm case behave (returns zero, no NaN).
    static intrinsic method vector Normalize(vector v);
    static intrinsic method vector normalize(vector v);

    // Cached rotation matrix for a role vector. The role-vector hash
    // keys a Haar-random orthogonal rotation in the semantic block
    // (identity in the synthetic block) — the substrate's binding
    // operator. Same role always produces the same rotation.
    static intrinsic method vector RotationFor(vector role);
    static intrinsic method vector rotation_for(vector role);
}
