// Sutra corpus test: four-state conditional via nested defuzzy.
// Canonical test for fuzzy-axis branching with snap-cleaned inputs.

function vector SmellInput() {
    return embed("vinegar");
}

function vector HungerState() {
    return embed("hungry");
}

function string DecideBehavior() {
    vector smell = SmellInput();
    vector hunger = HungerState();

    // Snap encodes through the circuit and cleans up noise.
    vector smellClean = snap(smell);
    vector hungerClean = snap(hunger);

    // Fuzzy similarities against reference concepts.
    fuzzy hasSmell = similarity(smellClean, embed("vinegar"));
    fuzzy isHungry = similarity(hungerClean, embed("hungry"));

    // Four-state nested defuzzification.
    if (defuzzy(hasSmell)) {
        if (defuzzy(isHungry)) {
            return "approach";
        } else {
            return "ignore";
        }
    } else {
        if (defuzzy(isHungry)) {
            return "search";
        } else {
            return "idle";
        }
    }
}
